217.69.134.12 - - [25/Apr/2017:08:51:43 +0400] "GET /sitemap.xml HTTP/1.0" 200 8058 "-" "Mozilla/5.0 (compatible; Linux x86_64; Mail.RU_Bot/Fast/2.0; +http://go.mail.ru/help/robots)"
213.186.8.43 - - [25/Apr/2017:08:54:34 +0400] "GET / HTTP/1.0" 200 79145 "-" "Mediatoolkitbot (complaints@mediatoolkit.com)"
91.121.209.185 - - [25/Apr/2017:09:00:56 +0400] "GET /ukhod-za-soboj/page/10 HTTP/1.0" 200 12031 "-" "SentiBot www.sentibot.eu (compatible with Googlebot)"
217.69.134.29 - - [25/Apr/2017:09:07:12 +0400] "GET /sitemap.xml HTTP/1.0" 200 8061 "-" "Mozilla/5.0 (compatible; Linux x86_64; Mail.RU_Bot/Fast/2.0; +http://go.mail.ru/help/robots)"
5.255.251.28 - - [25/Apr/2017:09:07:16 +0400] "GET /robots.txt HTTP/1.0" 200 302 "-" "Mozilla/5.0 (compatible; YandexBot/3.0; +http://yandex.com/bots)"
5.255.251.28 - - [25/Apr/2017:09:07:20 +0400] "GET /ukhod-za-soboj/pokhudenie/dieti/dieta-grechnevaya-s-kefirom.html HTTP/1.0" 200 19892 "-" "Mozilla/5.0 (compatible; YandexBot/3.0; +http://yandex.com/bots)"
89.145.95.69 - - [25/Apr/2017:09:09:50 +0400] "GET /robots.txt HTTP/1.0" 200 346 "-" "Mozilla/5.0 (compatible; GrapeshotCrawler/2.0; +http://www.grapeshot.co.uk/crawler.php)"
5.135.154.105 - - [25/Apr/2017:09:10:53 +0400] "GET /ehsteticheskaya-medicina/injekcii/biorevitalizaciya/biorevitalizaciya-gialuronovojj-kislo.html HTTP/1.0" 200 17374 "-" "SentiBot www.sentibot.eu (compatible with Googlebot)"
5.255.251.28 - - [25/Apr/2017:09:15:15 +0400] "GET /ehsteticheskaya-medicina/apparatnye-procedury/mikrotoki/pokazaniya-i-protivopokazaniya-magnit.html HTTP/1.0" 200 17417 "-" "Mozilla/5.0 (compatible; YandexBot/3.0; +http://yandex.com/bots)"
5.255.251.28 - - [25/Apr/2017:09:16:23 +0400] "GET /ukhod-za-soboj/pokhudenie/kak-primenyat-siofor-dlya-pokhudeniya.html HTTP/1.0" 200 17547 "-" "Mozilla/5.0 (compatible; YandexBot/3.0; +http://yandex.com/bots)"
217.69.134.29 - - [25/Apr/2017:09:20:11 +0400] "GET /sitemap.xml HTTP/1.0" 200 8059 "-" "Mozilla/5.0 (compatible; Linux x86_64; Mail.RU_Bot/Fast/2.0; +http://go.mail.ru/help/robots)"
91.121.209.185 - - [25/Apr/2017:09:20:56 +0400] "GET /ukhod-za-soboj/ukhod-za-licom/skraby/apelsinovyjj-skrab-dlya-tela.html HTTP/1.0" 200 17207 "-" "SentiBot www.sentibot.eu (compatible with Googlebot)"
5.135.154.105 - - [25/Apr/2017:09:30:44 +0400] "GET /ukhod-za-soboj/ukhod-za-licom HTTP/1.0" 200 12120 "-" "SentiBot www.sentibot.eu (compatible with Googlebot)"
164.132.161.63 - - [25/Apr/2017:09:33:28 +0400] "GET /question/kak-ya-mogu-izbavitsya-ot-sosudistykh-zv HTTP/1.0" 200 12845 "-" "Mozilla/5.0 (compatible; AhrefsBot/5.2; +http://ahrefs.com/robot/)"
207.46.13.3 - - [25/Apr/2017:09:33:36 +0400] "GET /ehsteticheskaya-medicina/injekcii/botoks-v-domashnikh-usloviyakh.html HTTP/1.0" 200 19610 "-" "Mozilla/5.0 (compatible; bingbot/2.0; +http://www.bing.com/bingbot.htm)"
207.46.13.128 - - [25/Apr/2017:09:35:28 +0400] "GET / HTTP/1.1" 404 2272 "-" "Mozilla/5.0 (compatible; bingbot/2.0; +http://www.bing.com/bingbot.htm)"
217.69.134.39 - - [25/Apr/2017:09:35:39 +0400] "GET /sitemap.xml HTTP/1.0" 200 8060 "-" "Mozilla/5.0 (compatible; Linux x86_64; Mail.RU_Bot/Fast/2.0; +http://go.mail.ru/help/robots)"
46.211.121.254 - - [25/Apr/2017:09:37:08 +0400] "GET /ehsteticheskaya-medicina/injekcii/botoks-v-domashnikh-usloviyakh.html HTTP/1.0" 200 19610 "http://www.google.com.ua/" "Mozilla/5.0 (Linux; Android 4.4.2; Lenovo A916 Build/KOT49H) AppleWebKit/537.36 (KHTML, like Gecko) Version/4.0 Chrome/30.0.0.0 Mobile Safari/537.36"
207.46.13.3 - - [25/Apr/2017:09:38:24 +0400] "GET /ukhod-za-soboj/udalenie-volos/krem-dlya-depilyacii-intimnykh-mest.html HTTP/1.0" 200 19586 "-" "Mozilla/5.0 (compatible; bingbot/2.0; +http://www.bing.com/bingbot.htm)"
91.121.209.185 - - [25/Apr/2017:09:40:57 +0400] "GET /ukhod-za-soboj/page/18 HTTP/1.0" 200 12763 "-" "SentiBot www.sentibot.eu (compatible with Googlebot)"
66.249.66.204 - - [25/Apr/2017:09:43:35 +0400] "GET /ukhod-za-soboj/ukhod-za-licom/pilling/example.com/novosti/piling-lica-v-salone-krasoty.html HTTP/1.0" 301 639 "-" "Mozilla/5.0 (compatible; Googlebot/2.1; +http://www.google.com/bot.html)"
66.249.66.204 - - [25/Apr/2017:09:43:36 +0400] "GET /ukhod-za-soboj/ukhod-za-licom/pilling/piling-lica-v-salone-krasoty.html HTTP/1.0" 200 18391 "-" "Mozilla/5.0 (compatible; Googlebot/2.1; +http://www.google.com/bot.html)"
66.249.66.204 - - [25/Apr/2017:09:46:06 +0400] "GET /question/mozhet-li-vozniknut-neobkhodimost-v-u HTTP/1.0" 200 12564 "-" "Mozilla/5.0 (compatible; Googlebot/2.1; +http://www.google.com/bot.html)"
66.249.66.204 - - [25/Apr/2017:09:48:37 +0400] "GET /ukhod-za-soboj/pokhudenie/klenbuterol-dlya-pokhudeniya.html HTTP/1.0" 200 17815 "-" "Mozilla/5.0 (compatible; Googlebot/2.1; +http://www.google.com/bot.html)"
5.135.154.105 - - [25/Apr/2017:09:50:43 +0400] "GET /ehsteticheskaya-medicina/apparatnye-procedury/mikrotoki HTTP/1.0" 200 11055 "-" "SentiBot www.sentibot.eu (compatible with Googlebot)"
217.69.134.29 - - [25/Apr/2017:09:50:47 +0400] "GET /sitemap.xml HTTP/1.0" 200 8059 "-" "Mozilla/5.0 (compatible; Linux x86_64; Mail.RU_Bot/Fast/2.0; +http://go.mail.ru/help/robots)"
217.69.133.70 - - [25/Apr/2017:09:53:12 +0400] "GET /robots.txt HTTP/1.0" 200 302 "-" "Mozilla/5.0 (compatible; Linux x86_64; Mail.RU_Bot/2.0; +http://go.mail.ru/help/robots)"
217.69.133.70 - - [25/Apr/2017:09:53:35 +0400] "GET /ukhod-za-soboj/pokhudenie/dieti/skandinavskaya-dieta-dlya-pokhudeniya.html HTTP/1.0" 200 17627 "-" "Mozilla/5.0 (compatible; Linux x86_64; Mail.RU_Bot/2.0; +http://go.mail.ru/help/robots)"
217.69.133.240 - - [25/Apr/2017:09:53:57 +0400] "GET /ukhod-za-soboj/pokhudenie/kak-primenyat-siofor-dlya-pokhudeniya.html HTTP/1.0" 200 17547 "-" "Mozilla/5.0 (compatible; Linux x86_64; Mail.RU_Bot/2.0; +http://go.mail.ru/help/robots)"
217.69.133.238 - - [25/Apr/2017:09:54:24 +0400] "GET /question/kak-mnogo-kozhi-tkani-i-zhira-mozhno-bezop HTTP/1.0" 200 12938 "-" "Mozilla/5.0 (compatible; Linux x86_64; Mail.RU_Bot/2.0; +http://go.mail.ru/help/robots)"
217.69.133.239 - - [25/Apr/2017:09:54:46 +0400] "GET /ehsteticheskaya-medicina/injekcii/razvenchannye-mify-o-botokse.html HTTP/1.0" 200 17194 "-" "Mozilla/5.0 (compatible; Linux x86_64; Mail.RU_Bot/2.0; +http://go.mail.ru/help/robots)"
217.69.133.234 - - [25/Apr/2017:09:55:07 +0400] "GET /ukhod-za-soboj/pokhudenie/barbaris-dlya-pokhudeniya.html HTTP/1.0" 200 17641 "-" "Mozilla/5.0 (compatible; Linux x86_64; Mail.RU_Bot/2.0; +http://go.mail.ru/help/robots)"
217.69.133.238 - - [25/Apr/2017:09:55:33 +0400] "GET /ukhod-za-soboj/ukhod-za-licom/pilling/lazernyjj-piling-lica.html HTTP/1.0" 200 18906 "-" "Mozilla/5.0 (compatible; Linux x86_64; Mail.RU_Bot/2.0; +http://go.mail.ru/help/robots)"
217.69.133.235 - - [25/Apr/2017:09:55:54 +0400] "GET /ukhod-za-soboj/ukhod-za-licom/page/9 HTTP/1.0" 200 12484 "-" "Mozilla/5.0 (compatible; Linux x86_64; Mail.RU_Bot/2.0; +http://go.mail.ru/help/robots)"
217.69.133.240 - - [25/Apr/2017:09:56:16 +0400] "GET /ukhod-z HTTP/1.0" 404 10847 "-" "Mozilla/5.0 (compatible; Linux x86_64; Mail.RU_Bot/2.0; +http://go.mail.ru/help/robots)"
217.69.133.240 - - [25/Apr/2017:09:56:42 +0400] "GET /question/dostatochno-li-10-edinic-botoksa-chtoby-u HTTP/1.0" 200 13064 "-" "Mozilla/5.0 (compatible; Linux x86_64; Mail.RU_Bot/2.0; +http://go.mail.ru/help/robots)"
217.69.133.239 - - [25/Apr/2017:09:57:05 +0400] "GET /question/pravda-li-chto-zhidkijj-kashtan-pomogaet-d HTTP/1.0" 200 13434 "-" "Mozilla/5.0 (compatible; Linux x86_64; Mail.RU_Bot/2.0; +http://go.mail.ru/help/robots)"
217.69.133.234 - - [25/Apr/2017:09:57:25 +0400] "GET /question/mogu-li-ya-udalit-grudnye-implanty-2 HTTP/1.0" 200 13143 "-" "Mozilla/5.0 (compatible; Linux x86_64; Mail.RU_Bot/2.0; +http://go.mail.ru/help/robots)"
217.69.133.236 - - [25/Apr/2017:09:57:46 +0400] "GET /ukhod-za-soboj/molodost/omolozhenie-lica-posle-40-let.html?replytocom=90 HTTP/1.0" 200 20108 "-" "Mozilla/5.0 (compatible; Linux x86_64; Mail.RU_Bot/2.0; +http://go.mail.ru/help/robots)"
217.69.133.239 - - [25/Apr/2017:09:58:06 +0400] "GET /estetic_procedyru/skraby/sredstva-dlya-ukhoda-za-kozhejj-posle-kupa.html HTTP/1.0" 301 652 "-" "Mozilla/5.0 (compatible; Linux x86_64; Mail.RU_Bot/2.0; +http://go.mail.ru/help/robots)"
217.69.133.235 - - [25/Apr/2017:09:58:21 +0400] "GET /tag/ehlkar HTTP/1.0" 200 11009 "-" "Mozilla/5.0 (compatible; Linux x86_64; Mail.RU_Bot/2.0; +http://go.mail.ru/help/robots)"
217.69.133.239 - - [25/Apr/2017:09:58:36 +0400] "GET /ukhod-za-soboj/ukhod-za-licom/skraby/sredstva-dlya-ukhoda-za-kozhejj-posle-kupa.html?replytocom=148 HTTP/1.0" 200 17180 "-" "Mozilla/5.0 (compatible; Linux x86_64; Mail.RU_Bot/2.0; +http://go.mail.ru/help/robots)"
217.69.133.236 - - [25/Apr/2017:09:59:15 +0400] "GET /tag/kozha-posle-40-let HTTP/1.0" 200 11121 "-" "Mozilla/5.0 (compatible; Linux x86_64; Mail.RU_Bot/2.0; +http://go.mail.ru/help/robots)"
217.69.133.239 - - [25/Apr/2017:09:59:24 +0400] "GET /estetic_procedyru/skraby/uspokaivayushhijj-sakharnyjj-skrab.html HTTP/1.0" 301 644 "-" "Mozilla/5.0 (compatible; Linux x86_64; Mail.RU_Bot/2.0; +http://go.mail.ru/help/robots)"
217.69.133.234 - - [25/Apr/2017:09:59:40 +0400] "GET /ukhod-za-soboj/ukhod-za-licom/skraby/sredstva-dlya-ukhoda-za-kozhejj-posle-kupa.html HTTP/1.0" 200 17162 "http://example.com/estetic_procedyru/skraby/sredstva-dlya-ukhoda-za-kozhejj-posle-kupa.html" "Mozilla/5.0 (compatible; Linux x86_64; Mail.RU_Bot/2.0; +http://go.mail.ru/help/robots)"
217.69.133.234 - - [25/Apr/2017:09:59:50 +0400] "GET /ukhod-za-soboj/ukhod-za-licom/skraby/uspokaivayushhijj-sakharnyjj-skrab.html HTTP/1.0" 200 15622 "http://example.com/estetic_procedyru/skraby/uspokaivayushhijj-sakharnyjj-skrab.html" "Mozilla/5.0 (compatible; Linux x86_64; Mail.RU_Bot/2.0; +http://go.mail.ru/help/robots)"
164.132.161.40 - - [25/Apr/2017:09:59:51 +0400] "GET /ukhod-za-soboj/pokhudenie/dieti/kak-pravilno-khudet-bez-diet.html/feed HTTP/1.0" 200 3155 "-" "Mozilla/5.0 (compatible; AhrefsBot/5.2; +http://ahrefs.com/robot/)"
5.255.251.28 - - [25/Apr/2017:10:03:12 +0400] "GET /ukhod-za-soboj/pokhudenie/sposoby-pokhudeniya-v-domashnikh-usloviya.html HTTP/1.0" 200 23503 "-" "Mozilla/5.0 (compatible; YandexBot/3.0; +http://yandex.com/bots)"
212.112.119.234 - - [25/Apr/2017:10:07:24 +0400] "GET /ehsteticheskaya-medicina/injekcii/botoks-v-domashnikh-usloviyakh.html HTTP/1.0" 200 19552 "http://example.com/ukhod-za-soboj/molodost/kuriozin-ot-morshhin.html" "Mozilla/5.0 (Linux; Android 4.4.2; Beeline Smart Build/KOT49H) AppleWebKit/537.36 (KHTML, like Gecko) Chrome/57.0.2987.132 Mobile Safari/537.36"
217.69.134.13 - - [25/Apr/2017:10:08:12 +0400] "GET /sitemap.xml HTTP/1.0" 200 8061 "-" "Mozilla/5.0 (compatible; Linux x86_64; Mail.RU_Bot/Fast/2.0; +http://go.mail.ru/help/robots)"
164.132.161.85 - - [25/Apr/2017:10:10:47 +0400] "GET /ukhod-za-soboj/ukhod-za-licom/ HTTP/1.0" 301 597 "-" "Mozilla/5.0 (compatible; AhrefsBot/5.2; +http://ahrefs.com/robot/)"
195.211.65.102 - - [25/Apr/2017:10:11:14 +0400] "GET /ehsteticheskaya-medicina/injekcii/otlichie-botoksa-ot-kozhnykh-napolnitel.html HTTP/1.0" 200 15984 "http://go.mail.ru/redir?q=%D1%87%D1%82%D0%BE%20%D0%BB%D1%83%D1%87%D1%88%D0%B5%20%D1%84%D0%B8%D0%BB%D0%BB%D0%B5%D1%80%D1%8B%20%D0%B8%D0%BB%D0%B8%20%D0%B1%D0%BE%D1%82%D0%BE%D0%BA%D1%81&via_page=1&type=sr&redir=eJzLKCkpsNLXz03MTUzPL8svysxJ1EvOz9VPzSguSS3JTM5ILc5OrEzUzU1NyUzOzEvUz8zLSs1OzszUzy_JAUpnpuom5ZfkZxcn6uaX6GbnV2XkVWZn6OYlFuTn5GWWpOboZZTk5jBcbL_YdGGfwoXdF5uBzI4LWxUutlzYcWE3EG692HCxWwHM2aFwYeOFfSCVF3ZdbGQwNLE0NrQwNzAxZ4h9suTqUXnWhx5626ZW2C53AABp4lTv" "Opera/9.80 (Windows NT 6.1) Presto/2.12.388 Version/12.17"
195.211.65.102 - - [25/Apr/2017:10:11:16 +0400] "GET /wp-content/uploads/2014/11/favicon.ico HTTP/1.0" 200 1192 "http://example.com/ehsteticheskaya-medicina/injekcii/otlichie-botoksa-ot-kozhnykh-napolnitel.html" "Opera/9.80 (Windows NT 6.1) Presto/2.12.388 Version/12.17"
195.211.65.102 - - [25/Apr/2017:10:16:45 +0400] "GET /ehsteticheskaya-medicina/injekcii/oblasti-lica-dlya-primeneniya-kozhnykh-fi.html HTTP/1.0" 200 15343 "http://example.com/ehsteticheskaya-medicina/injekcii/otlichie-botoksa-ot-kozhnykh-napolnitel.html" "Opera/9.80 (Windows NT 6.1) Presto/2.12.388 Version/12.17"
213.186.1.210 - - [25/Apr/2017:10:17:24 +0400] "GET /ukhod-za-soboj HTTP/1.0" 200 53849 "-" "Mediatoolkitbot (complaints@mediatoolkit.com)"
217.69.134.12 - - [25/Apr/2017:10:20:26 +0400] "GET /sitemap.xml HTTP/1.0" 200 8061 "-" "Mozilla/5.0 (compatible; Linux x86_64; Mail.RU_Bot/Fast/2.0; +http://go.mail.ru/help/robots)"
91.121.209.185 - - [25/Apr/2017:10:20:58 +0400] "GET /ukhod-za-soboj/pokhudenie/uksusnoe-obertyvanie-dlya-pokhudeniya.html HTTP/1.0" 200 18494 "-" "SentiBot www.sentibot.eu (compatible with Googlebot)"
40.77.167.19 - - [25/Apr/2017:10:27:40 +0400] "GET /ukhod-za-soboj/ukhod-za-licom/pilling/salicilovyjj-piling.html HTTP/1.0" 200 17452 "-" "msnbot-media/1.1 (+http://search.msn.com/msnbot.htm)"
5.135.154.105 - - [25/Apr/2017:10:30:55 +0400] "GET /ukhod-za-soboj/bolezni-kozhi HTTP/1.0" 200 11842 "-" "SentiBot www.sentibot.eu (compatible with Googlebot)"
217.69.134.29 - - [25/Apr/2017:10:36:13 +0400] "GET /sitemap.xml HTTP/1.0" 200 8060 "-" "Mozilla/5.0 (compatible; Linux x86_64; Mail.RU_Bot/Fast/2.0; +http://go.mail.ru/help/robots)"
91.121.209.185 - - [25/Apr/2017:10:40:56 +0400] "GET /question/opasno-li-szhatie-grudi-posle-operacii HTTP/1.0" 200 12421 "-" "SentiBot www.sentibot.eu (compatible with Googlebot)"
217.69.134.14 - - [25/Apr/2017:10:50:17 +0400] "GET /sitemap.xml HTTP/1.0" 200 8060 "-" "Mozilla/5.0 (compatible; Linux x86_64; Mail.RU_Bot/Fast/2.0; +http://go.mail.ru/help/robots)"
5.135.154.105 - - [25/Apr/2017:10:50:43 +0400] "GET /voprosi HTTP/1.0" 200 18868 "-" "SentiBot www.sentibot.eu (compatible with Googlebot)"
66.249.66.199 - - [25/Apr/2017:10:54:04 +0400] "GET /ukhod-za-soboj/ukhod-za-licom/skraby/skrab-iz-kofejjnojj-gushhi.html HTTP/1.0" 200 18759 "-" "Mozilla/5.0 (compatible; Googlebot/2.1; +http://www.google.com/bot.html)"
66.249.66.199 - - [25/Apr/2017:10:54:55 +0400] "GET /ehsteticheskaya-medicina/injekcii/protivopokazaniya-dlya-disporta.html HTTP/1.0" 200 19923 "-" "Mozilla/5.0 (Linux; Android 6.0.1; Nexus 5X Build/MMB29P) AppleWebKit/537.36 (KHTML, like Gecko) Chrome/41.0.2272.96 Mobile Safari/537.36 (compatible; Googlebot/2.1; +http://www.google.com/bot.html)"
213.186.8.43 - - [25/Apr/2017:10:59:49 +0400] "GET /ehsteticheskaya-medicina HTTP/1.0" 200 53588 "-" "Mediatoolkitbot (complaints@mediatoolkit.com)"
91.121.209.185 - - [25/Apr/2017:11:00:58 +0400] "GET /question/pomogut-li-inekcii-boteksa-sdelat-m HTTP/1.0" 200 12969 "-" "SentiBot www.sentibot.eu (compatible with Googlebot)"
5.255.251.28 - - [25/Apr/2017:11:05:23 +0400] "GET /question/posle-yuviderma-razdutye-guby-uzhe-2-dnya HTTP/1.0" 200 13647 "-" "Mozilla/5.0 (compatible; YandexBot/3.0; +http://yandex.com/bots)"
217.69.134.15 - - [25/Apr/2017:11:06:38 +0400] "GET /sitemap.xml HTTP/1.0" 200 8061 "-" "Mozilla/5.0 (compatible; Linux x86_64; Mail.RU_Bot/Fast/2.0; +http://go.mail.ru/help/robots)"
5.135.154.105 - - [25/Apr/2017:11:10:44 +0400] "GET /karta-sajjta HTTP/1.0" 200 16307 "-" "SentiBot www.sentibot.eu (compatible with Googlebot)"
217.182.132.183 - - [25/Apr/2017:11:11:50 +0400] "GET /question/udalenie-tatuirovok-lazerom-ehto-bol/feed HTTP/1.0" 200 1283 "-" "Mozilla/5.0 (compatible; AhrefsBot/5.2; +http://ahrefs.com/robot/)"
199.16.157.182 - - [25/Apr/2017:11:15:29 +0400] "GET /robots.txt HTTP/1.0" 200 302 "-" "Twitterbot/1.0"
199.16.157.182 - - [25/Apr/2017:11:15:29 +0400] "GET /ukhod-za-soboj/ukhod-za-licom/skraby/apelsinovyjj-skrab-dlya-tela.html HTTP/1.0" 200 17207 "-" "Twitterbot/1.0"
5.255.251.28 - - [25/Apr/2017:11:16:15 +0400] "GET /ukhod-za-soboj/pokhudenie/fluoksetin-dlya-pokhudeniya-otzyvy.html HTTP/1.0" 200 17546 "-" "Mozilla/5.0 (compatible; YandexBot/3.0; +http://yandex.com/bots)"
217.69.134.30 - - [25/Apr/2017:11:20:52 +0400] "GET /sitemap.xml HTTP/1.0" 200 8060 "-" "Mozilla/5.0 (compatible; Linux x86_64; Mail.RU_Bot/Fast/2.0; +http://go.mail.ru/help/robots)"
213.186.8.43 - - [25/Apr/2017:11:23:03 +0400] "GET / HTTP/1.0" 200 79145 "-" "Mediatoolkitbot (complaints@mediatoolkit.com)"
217.69.133.234 - - [25/Apr/2017:11:28:42 +0400] "GET /robots.txt HTTP/1.0" 200 302 "-" "Mozilla/5.0 (compatible; Linux x86_64; Mail.RU_Bot/2.0; +http://go.mail.ru/help/robots)"
207.46.13.109 - - [25/Apr/2017:11:28:42 +0400] "GET /ukhod-za-soboj/pokhudenie/dieti/dieta-maggi-tvorozhnyjj-variant.html HTTP/1.0" 200 20267 "-" "Mozilla/5.0 (compatible; bingbot/2.0; +http://www.bing.com/bingbot.htm)"
217.69.133.234 - - [25/Apr/2017:11:29:11 +0400] "GET /question/rodinki-na-tele-i-solyarijj-mozhno-li-zago HTTP/1.0" 200 12585 "-" "Mozilla/5.0 (compatible; Linux x86_64; Mail.RU_Bot/2.0; +http://go.mail.ru/help/robots)"
207.46.13.109 - - [25/Apr/2017:11:29:22 +0400] "GET /ukhod-za-soboj/pokhudenie/dieti/dieta-maggi-tvorozhnyjj-variant.html HTTP/1.0" 200 20267 "-" "Mozilla/5.0 (compatible; bingbot/2.0; +http://www.bing.com/bingbot.htm)"
217.69.133.239 - - [25/Apr/2017:11:29:34 +0400] "GET /ukhod-za-soboj/ukhod-za-licom/maski/obzor-masok-dlya-lica-iv-roshe.html HTTP/1.0" 200 21213 "-" "Mozilla/5.0 (compatible; Linux x86_64; Mail.RU_Bot/2.0; +http://go.mail.ru/help/robots)"
217.69.133.70 - - [25/Apr/2017:11:29:56 +0400] "GET /ukhod-za-soboj/ukhod-za-licom/skraby/domashnie-skraby-protiv-ugrevojj-sypi.html HTTP/1.0" 200 16142 "-" "Mozilla/5.0 (compatible; Linux x86_64; Mail.RU_Bot/2.0; +http://go.mail.ru/help/robots)"
217.69.133.235 - - [25/Apr/2017:11:30:22 +0400] "GET /ukhod-za-soboj/ukhod-za-licom/pilling/piling-dzhessnera.html HTTP/1.0" 200 17970 "-" "Mozilla/5.0 (compatible; Linux x86_64; Mail.RU_Bot/2.0; +http://go.mail.ru/help/robots)"
217.69.133.235 - - [25/Apr/2017:11:30:44 +0400] "GET /ukhod-za-soboj/pokhudenie/kalkulyatory/calkulator_calorij_dlya_pohydenija.html HTTP/1.0" 200 11935 "-" "Mozilla/5.0 (compatible; Linux x86_64; Mail.RU_Bot/2.0; +http://go.mail.ru/help/robots)"
217.69.133.239 - - [25/Apr/2017:11:31:08 +0400] "GET /ukhod-za-soboj/pokhudenie/dieti/dieta-maggi-tvorozhnyjj-variant.html?_utl_t=vb HTTP/1.0" 200 20278 "-" "Mozilla/5.0 (compatible; Linux x86_64; Mail.RU_Bot/2.0; +http://go.mail.ru/help/robots)"
217.69.133.234 - - [25/Apr/2017:11:31:32 +0400] "GET /rtc_wizard_index.htm HTTP/1.0" 404 10856 "-" "Mozilla/5.0 (compatible; Linux x86_64; Mail.RU_Bot/2.0; +http://go.mail.ru/help/robots)"
217.69.133.238 - - [25/Apr/2017:11:31:56 +0400] "GET /ukhod-za-soboj/ukhod-za-licom/boltushki-ot-pryshhejj-dedovskijj-metod.html HTTP/1.0" 200 20274 "-" "Mozilla/5.0 (compatible; Linux x86_64; Mail.RU_Bot/2.0; +http://go.mail.ru/help/robots)"
217.69.133.236 - - [25/Apr/2017:11:32:22 +0400] "GET /ukhod-za-soboj/ukhod-za-licom/skraby/yvlazjnyajyshij_skrab_dlya_tela.html HTTP/1.0" 200 15225 "-" "Mozilla/5.0 (compatible; Linux x86_64; Mail.RU_Bot/2.0; +http://go.mail.ru/help/robots)"
217.69.133.239 - - [25/Apr/2017:11:32:46 +0400] "GET /question/kak-dolgo-posle-operacii-po-uvelicheni HTTP/1.0" 200 12298 "-" "Mozilla/5.0 (compatible; Linux x86_64; Mail.RU_Bot/2.0; +http://go.mail.ru/help/robots)"
217.69.133.236 - - [25/Apr/2017:11:33:08 +0400] "GET /tag/maz HTTP/1.0" 200 11188 "-" "Mozilla/5.0 (compatible; Linux x86_64; Mail.RU_Bot/2.0; +http://go.mail.ru/help/robots)"
217.69.133.240 - - [25/Apr/2017:11:33:31 +0400] "GET /ukhod-za-soboj/bolezni-kozhi/vse-o-mozolyakh-so-sterzhnem.html%20 HTTP/1.0" 301 604 "-" "Mozilla/5.0 (compatible; Linux x86_64; Mail.RU_Bot/2.0; +http://go.mail.ru/help/robots)"
217.69.133.236 - - [25/Apr/2017:11:33:50 +0400] "GET /ukhod-za-soboj/molodost/omolozhenie-lica-posle-40-let.html%20 HTTP/1.0" 301 600 "-" "Mozilla/5.0 (compatible; Linux x86_64; Mail.RU_Bot/2.0; +http://go.mail.ru/help/robots)"
217.69.133.237 - - [25/Apr/2017:11:34:41 +0400] "GET /question/u-menya-slezy-pod-kozhejj-takoe-vozmozhno?replytocom=219 HTTP/1.0" 200 13192 "-" "Mozilla/5.0 (compatible; Linux x86_64; Mail.RU_Bot/2.0; +http://go.mail.ru/help/robots)"
217.69.133.70 - - [25/Apr/2017:11:34:55 +0400] "GET /estetic_procedyru/skraby/otshelushivayushhijj-skrab-dlya-sukhojj-kozhi.html HTTP/1.0" 301 655 "-" "Mozilla/5.0 (compatible; Linux x86_64; Mail.RU_Bot/2.0; +http://go.mail.ru/help/robots)"
217.69.133.70 - - [25/Apr/2017:11:35:19 +0400] "GET /estetic_procedyru/skraby/skrab-dlya-tela-svoimi-rukami.html HTTP/1.0" 301 639 "-" "Mozilla/5.0 (compatible; Linux x86_64; Mail.RU_Bot/2.0; +http://go.mail.ru/help/robots)"
217.69.133.239 - - [25/Apr/2017:11:35:39 +0400] "GET /estetic_procedyru/skraby/yvlazjnyajyshij_skrab_dlya_tela.html HTTP/1.0" 301 641 "-" "Mozilla/5.0 (compatible; Linux x86_64; Mail.RU_Bot/2.0; +http://go.mail.ru/help/robots)"
217.69.133.239 - - [25/Apr/2017:11:35:59 +0400] "GET /estetic_procedyru/skraby/sakharnyjj-vinogradnyjj-skrab-dlya-tela.html HTTP/1.0" 301 649 "-" "Mozilla/5.0 (compatible; Linux x86_64; Mail.RU_Bot/2.0; +http://go.mail.ru/help/robots)"
217.69.133.235 - - [25/Apr/2017:11:36:04 +0400] "GET /ukhod-za-soboj/bolezni-kozhi/vse-o-mozolyakh-so-sterzhnem.html HTTP/1.0" 200 19569 "http://example.com/ukhod-za-soboj/bolezni-kozhi/vse-o-mozolyakh-so-sterzhnem.html%20" "Mozilla/5.0 (compatible; Linux x86_64; Mail.RU_Bot/2.0; +http://go.mail.ru/help/robots)"
217.69.133.236 - - [25/Apr/2017:11:36:10 +0400] "GET /ukhod-za-soboj/molodost/omolozhenie-lica-posle-40-let.html HTTP/1.0" 200 20091 "http://example.com/ukhod-za-soboj/molodost/omolozhenie-lica-posle-40-let.html%20" "Mozilla/5.0 (compatible; Linux x86_64; Mail.RU_Bot/2.0; +http://go.mail.ru/help/robots)"
217.69.133.238 - - [25/Apr/2017:11:36:17 +0400] "GET /ukhod-za-soboj/ukhod-za-licom/skraby/otshelushivayushhijj-skrab-dlya-sukhojj-kozhi.html HTTP/1.0" 200 16563 "http://example.com/estetic_procedyru/skraby/otshelushivayushhijj-skrab-dlya-sukhojj-kozhi.html" "Mozilla/5.0 (compatible; Linux x86_64; Mail.RU_Bot/2.0; +http://go.mail.ru/help/robots)"
217.69.133.236 - - [25/Apr/2017:11:36:24 +0400] "GET /ukhod-za-soboj/ukhod-za-licom/skraby/skrab-dlya-tela-svoimi-rukami.html HTTP/1.0" 200 15396 "http://example.com/estetic_procedyru/skraby/skrab-dlya-tela-svoimi-rukami.html" "Mozilla/5.0 (compatible; Linux x86_64; Mail.RU_Bot/2.0; +http://go.mail.ru/help/robots)"
217.69.133.234 - - [25/Apr/2017:11:36:30 +0400] "GET /ukhod-za-soboj/ukhod-za-licom/skraby/yvlazjnyajyshij_skrab_dlya_tela.html HTTP/1.0" 200 15225 "http://example.com/estetic_procedyru/skraby/yvlazjnyajyshij_skrab_dlya_tela.html" "Mozilla/5.0 (compatible; Linux x86_64; Mail.RU_Bot/2.0; +http://go.mail.ru/help/robots)"
217.69.133.235 - - [25/Apr/2017:11:36:36 +0400] "GET /ukhod-za-soboj/ukhod-za-licom/skraby/sakharnyjj-vinogradnyjj-skrab-dlya-tela.html HTTP/1.0" 200 15722 "http://example.com/estetic_procedyru/skraby/sakharnyjj-vinogradnyjj-skrab-dlya-tela.html" "Mozilla/5.0 (compatible; Linux x86_64; Mail.RU_Bot/2.0; +http://go.mail.ru/help/robots)"
66.249.66.199 - - [25/Apr/2017:11:36:52 +0400] "GET /otzivi-obzori/yuviderm-otzivi-obzori/yuviderm-ne-ochen-dovolna-22-goda.html HTTP/1.0" 404 10882 "-" "Mozilla/5.0 (compatible; Googlebot/2.1; +http://www.google.com/bot.html)"
217.69.134.12 - - [25/Apr/2017:11:37:23 +0400] "GET /sitemap.xml HTTP/1.0" 200 8061 "-" "Mozilla/5.0 (compatible; Linux x86_64; Mail.RU_Bot/Fast/2.0; +http://go.mail.ru/help/robots)"
40.77.167.19 - - [25/Apr/2017:11:38:59 +0400] "GET /ukhod-za-soboj/pokhudenie/dykhatelnaya-gimnastika-dlya-pokhudeni.html HTTP/1.0" 200 21465 "-" "Mozilla/5.0 (iPhone; CPU iPhone OS 7_0 like Mac OS X) AppleWebKit/537.51.1 (KHTML, like Gecko) Version/7.0 Mobile/11A465 Safari/9537.53 (compatible; bingbot/2.0; +http://www.bing.com/bingbot.htm)"
91.121.209.185 - - [25/Apr/2017:11:40:57 +0400] "GET /question/mozhno-li-sdelat-inekciyu-v-palcy-i-ru HTTP/1.0" 200 13101 "-" "SentiBot www.sentibot.eu (compatible with Googlebot)"
217.69.134.14 - - [25/Apr/2017:11:50:27 +0400] "GET /sitemap.xml HTTP/1.0" 200 8059 "-" "Mozilla/5.0 (compatible; Linux x86_64; Mail.RU_Bot/Fast/2.0; +http://go.mail.ru/help/robots)"
5.135.154.105 - - [25/Apr/2017:11:50:55 +0400] "GET /ukhod-za-soboj/pokhudenie/blyuda-iz-chechevicy-dlya-pokhudeniya.html HTTP/1.0" 200 17448 "-" "SentiBot www.sentibot.eu (compatible with Googlebot)"
136.243.34.71 - - [25/Apr/2017:11:51:09 +0400] "GET /ukhod-za-soboj/pokhudenie/fluoksetin-dlya-pokhudeniya-otzyvy.html HTTP/1.0" 200 17546 "-" "Mozilla/5.0 (compatible; bingbot/2.0; +http://www.bing.com/bingbot.htm)"
5.255.251.28 - - [25/Apr/2017:11:52:41 +0400] "GET /ukhod-za-soboj/pokhudenie/ehlkar-dlya-pokhudeniya.html HTTP/1.0" 200 17434 "-" "Mozilla/5.0 (compatible; YandexBot/3.0; +http://yandex.com/bots)"
207.46.13.3 - - [25/Apr/2017:12:00:11 +0400] "GET /ukhod-za-soboj/pokhudenie/dieti/inzhir-dlya-pokhudeniya.html HTTP/1.0" 200 20177 "-" "Mozilla/5.0 (compatible; bingbot/2.0; +http://www.bing.com/bingbot.htm)"
91.121.209.185 - - [25/Apr/2017:12:01:02 +0400] "GET /ukhod-za-soboj/pokhudenie/dieti HTTP/1.0" 200 11908 "-" "SentiBot www.sentibot.eu (compatible with Googlebot)"
217.69.134.12 - - [25/Apr/2017:12:06:48 +0400] "GET /sitemap.xml HTTP/1.0" 200 8060 "-" "Mozilla/5.0 (compatible; Linux x86_64; Mail.RU_Bot/Fast/2.0; +http://go.mail.ru/help/robots)"
5.135.154.105 - - [25/Apr/2017:12:10:45 +0400] "GET /ukhod-za-soboj/bolezni-kozhi/sukhaya-mozol-na-palce-nogi.html HTTP/1.0" 200 22936 "-" "SentiBot www.sentibot.eu (compatible with Googlebot)"
82.113.123.4 - - [25/Apr/2017:12:13:30 +0400] "GET /ehsteticheskaya-medicina/injekcii/botoks-v-domashnikh-usloviyakh.html HTTP/1.0" 200 19610 "http://www.google.de/" "Mozilla/5.0 (Linux; Android 6.0.1; ONEPLUS A3003 Build/MXB48T) AppleWebKit/537.36 (KHTML, like Gecko) Chrome/57.0.2987.132 Mobile Safari/537.36"
5.255.251.28 - - [25/Apr/2017:12:15:00 +0400] "GET /ukhod-za-soboj/pokhudenie/sposoby-pokhudeniya-v-domashnikh-usloviya.html HTTP/1.0" 200 23503 "-" "Mozilla/5.0 (compatible; YandexBot/3.0; +http://yandex.com/bots)"
82.113.123.4 - - [25/Apr/2017:12:15:03 +0400] "GET /ehsteticheskaya-medicina/injekcii/botoks-v-domashnikh-usloviyakh.html HTTP/1.0" 200 19552 "http://www.google.de/" "Mozilla/5.0 (Linux; Android 6.0.1; ONEPLUS A3003 Build/MXB48T) AppleWebKit/537.36 (KHTML, like Gecko) Chrome/57.0.2987.132 Mobile Safari/537.36"
82.113.123.4 - - [25/Apr/2017:12:15:40 +0400] "GET /ehsteticheskaya-medicina/injekcii/botoks-v-domashnikh-usloviyakh.html HTTP/1.0" 200 19552 "http://www.google.de/" "Mozilla/5.0 (Linux; Android 6.0.1; ONEPLUS A3003 Build/MXB48T) AppleWebKit/537.36 (KHTML, like Gecko) Chrome/57.0.2987.132 Mobile Safari/537.36"
91.121.209.185 - - [25/Apr/2017:12:20:57 +0400] "GET /ukhod-za-soboj/molodost/omolozhenie-lica-posle-40-let.html HTTP/1.0" 200 20091 "-" "SentiBot www.sentibot.eu (compatible with Googlebot)"
5.255.251.28 - - [25/Apr/2017:12:21:06 +0400] "GET /ehsteticheskaya-medicina/apparatnye-procedury/mikrotoki/fonoforez-s-gidrokortizonom.html HTTP/1.0" 200 18532 "-" "Mozilla/5.0 (compatible; YandexBot/3.0; +http://yandex.com/bots)"
217.69.134.29 - - [25/Apr/2017:12:21:08 +0400] "GET /sitemap.xml HTTP/1.0" 200 8061 "-" "Mozilla/5.0 (compatible; Linux x86_64; Mail.RU_Bot/Fast/2.0; +http://go.mail.ru/help/robots)"
66.249.66.199 - - [25/Apr/2017:12:22:11 +0400] "GET / HTTP/1.0" 200 16743 "-" "Mozilla/5.0 (Linux; Android 6.0.1; Nexus 5X Build/MMB29P) AppleWebKit/537.36 (KHTML, like Gecko) Chrome/41.0.2272.96 Mobile Safari/537.36 (compatible; Googlebot/2.1; +http://www.google.com/bot.html)"
207.46.13.3 - - [25/Apr/2017:12:28:27 +0400] "GET /ukhod-za-soboj/pokhudenie/marinovannyjj-imbir-dlya-pokhudeniya.html HTTP/1.0" 200 19138 "-" "Mozilla/5.0 (compatible; bingbot/2.0; +http://www.bing.com/bingbot.htm)"
5.135.154.105 - - [25/Apr/2017:12:30:41 +0400] "GET /ukhod-za-soboj/pokhudenie/dieti/kak-pravilno-khudet-bez-diet.html HTTP/1.0" 200 20562 "-" "SentiBot www.sentibot.eu (compatible with Googlebot)"
66.249.66.199 - - [25/Apr/2017:12:34:46 +0400] "GET /ukhod-za-soboj/ukhod-za-licom/maski/maska-iz-krakhmala-ot-morshhin-s-ehffektom.html HTTP/1.0" 200 14922 "-" "Mozilla/5.0 (compatible; Googlebot/2.1; +http://www.google.com/bot.html)"
217.69.134.12 - - [25/Apr/2017:12:35:22 +0400] "GET /sitemap.xml HTTP/1.0" 200 8061 "-" "Mozilla/5.0 (compatible; Linux x86_64; Mail.RU_Bot/Fast/2.0; +http://go.mail.ru/help/robots)"
66.249.66.204 - - [25/Apr/2017:12:37:17 +0400] "GET /ukhod-za-soboj/pokhudenie/obertyvanie-pishhevojj-plenkojj-dlya-pokhu.html HTTP/1.0" 200 20320 "-" "Mozilla/5.0 (compatible; Googlebot/2.1; +http://www.google.com/bot.html)"
213.186.1.210 - - [25/Apr/2017:12:42:27 +0400] "GET /ukhod-za-soboj HTTP/1.0" 200 53849 "-" "Mediatoolkitbot (complaints@mediatoolkit.com)"
5.255.251.28 - - [25/Apr/2017:12:48:01 +0400] "GET /ehsteticheskaya-medicina/apparatnye-procedury/mikrotoki/magnitoterapiya-v-domashnikh-usloviyakh.html HTTP/1.0" 200 17781 "-" "Mozilla/5.0 (compatible; YandexBot/3.0; +http://yandex.com/bots)"
217.69.134.12 - - [25/Apr/2017:12:50:40 +0400] "GET /sitemap.xml HTTP/1.0" 200 8060 "-" "Mozilla/5.0 (compatible; Linux x86_64; Mail.RU_Bot/Fast/2.0; +http://go.mail.ru/help/robots)"
89.22.207.152 - - [25/Apr/2017:12:52:15 +0400] "GET /ehsteticheskaya-medicina/injekcii/botoks-v-domashnikh-usloviyakh.html HTTP/1.0" 200 19610 "https://www.google.com.ua/" "Mozilla/5.0 (Linux; Android 4.4.2; Lenovo TAB 2 A7-30GC Build/KOT49H) AppleWebKit/537.36 (KHTML, like Gecko) Chrome/57.0.2987.132 Safari/537.36"
66.249.66.204 - - [25/Apr/2017:12:52:23 +0400] "GET / HTTP/1.0" 200 16743 "-" "Mozilla/5.0 (compatible; Googlebot/2.1; +http://www.google.com/bot.html)"
89.22.207.152 - - [25/Apr/2017:12:53:46 +0400] "GET /wp-content/uploads/2014/11/favicon.ico HTTP/1.0" 200 1192 "http://example.com/ehsteticheskaya-medicina/injekcii/botoks-v-domashnikh-usloviyakh.html" "Mozilla/5.0 (Linux; Android 4.4.2; Lenovo TAB 2 A7-30GC Build/KOT49H) AppleWebKit/537.36 (KHTML, like Gecko) Chrome/57.0.2987.132 Safari/537.36"
144.76.76.115 - - [25/Apr/2017:12:54:26 +0400] "GET /robots.txt HTTP/1.0" 200 302 "-" "Mozilla/5.0 (compatible; MJ12bot/v1.4.7; http://mj12bot.com/)"
144.76.76.115 - - [25/Apr/2017:12:54:43 +0400] "GET /?p=1069 HTTP/1.0" 301 595 "-" "Mozilla/5.0 (compatible; MJ12bot/v1.4.7; http://mj12bot.com/)"
144.76.76.115 - - [25/Apr/2017:12:55:26 +0400] "GET /ukhod-za-soboj/pokhudenie/samye-ehffektivnye-uprazhneniya-dlya-pokh.html HTTP/1.0" 200 79236 "-" "Mozilla/5.0 (compatible; MJ12bot/v1.4.7; http://mj12bot.com/)"
144.76.76.115 - - [25/Apr/2017:12:56:17 +0400] "GET /?p=1085 HTTP/1.0" 301 641 "-" "Mozilla/5.0 (compatible; MJ12bot/v1.4.7; http://mj12bot.com/)"
144.76.76.115 - - [25/Apr/2017:12:56:46 +0400] "GET /ukhod-za-soboj/pokhudenie/dieti/shhadyashhaya-dieta-dlya-pokhudeniya.html HTTP/1.0" 200 19903 "-" "Mozilla/5.0 (compatible; MJ12bot/v1.4.7; http://mj12bot.com/)"
144.76.76.115 - - [25/Apr/2017:12:57:37 +0400] "GET /?p=1087 HTTP/1.0" 301 637 "-" "Mozilla/5.0 (compatible; MJ12bot/v1.4.7; http://mj12bot.com/)"
144.76.76.115 - - [25/Apr/2017:12:57:55 +0400] "GET /ukhod-za-soboj/pokhudenie/dykhatelnaya-gimnastika-dlya-pokhudeni.html HTTP/1.0" 200 21465 "-" "Mozilla/5.0 (compatible; MJ12bot/v1.4.7; http://mj12bot.com/)"
144.76.76.115 - - [25/Apr/2017:12:59:09 +0400] "GET /ehsteticheskaya-medicina/injekcii/mezoterapija/bezinekcionnaya-mezoterapiya.html HTTP/1.0" 200 16951 "-" "Mozilla/5.0 (compatible; MJ12bot/v1.4.7; http://mj12bot.com/)"
144.76.76.115 - - [25/Apr/2017:12:59:43 +0400] "GET /ukhod-za-soboj/pokhudenie/dieti/shhadyashhaya-dieta-dlya-pokhudeniya.html HTTP/1.0" 200 19903 "-" "Mozilla/5.0 (compatible; MJ12bot/v1.4.7; http://mj12bot.com/)"
144.76.76.115 - - [25/Apr/2017:13:00:10 +0400] "GET /ukhod-za-soboj/pokhudenie/dykhatelnaya-gimnastika-dlya-pokhudeni.html HTTP/1.0" 200 21465 "-" "Mozilla/5.0 (compatible; MJ12bot/v1.4.7; http://mj12bot.com/)"
144.76.76.115 - - [25/Apr/2017:13:01:27 +0400] "GET /ukhod-za-soboj/pokhudenie/samye-ehffektivnye-uprazhneniya-dlya-pokh.html HTTP/1.0" 200 19018 "-" "Mozilla/5.0 (compatible; MJ12bot/v1.4.7; http://mj12bot.com/)"
144.76.76.115 - - [25/Apr/2017:13:01:44 +0400] "GET /robots.txt HTTP/1.0" 200 302 "-" "Mozilla/5.0 (compatible; MJ12bot/v1.4.7; http://mj12bot.com/)"
144.76.76.115 - - [25/Apr/2017:13:01:47 +0400] "GET /ehsteticheskaya-medicina/injekcii/mezoterapija/bezinekcionnaya-mezoterapiya.html HTTP/1.0" 301 603 "-" "Mozilla/5.0 (compatible; MJ12bot/v1.4.7; http://mj12bot.com/)"
144.76.76.115 - - [25/Apr/2017:13:02:45 +0400] "GET /ehsteticheskaya-medicina/injekcii/mezoterapija/bezinekcionnaya-mezoterapiya.html HTTP/1.0" 200 73175 "-" "Mozilla/5.0 (compatible; MJ12bot/v1.4.7; http://mj12bot.com/)"
91.121.209.185 - - [25/Apr/2017:13:04:37 +0400] "GET /ukhod-za-soboj/ukhod-za-licom/maski/domashnie-uvlazhnyayushhie-maski-dlya-lica.html HTTP/1.0" 200 17656 "-" "SentiBot www.sentibot.eu (compatible with Googlebot)"
66.249.66.194 - - [25/Apr/2017:13:04:59 +0400] "GET /ukhod-za-soboj/ukhod-za-licom/pilling/piling-v-domashnikh-usloviyakh.html HTTP/1.0" 200 19626 "-" "Mozilla/5.0 (compatible; Googlebot/2.1; +http://www.google.com/bot.html)"
217.69.133.234 - - [25/Apr/2017:13:05:33 +0400] "GET /robots.txt HTTP/1.0" 200 302 "-" "Mozilla/5.0 (compatible; Linux x86_64; Mail.RU_Bot/2.0; +http://go.mail.ru/help/robots)"
217.69.133.236 - - [25/Apr/2017:13:05:47 +0400] "GET /ukhod-za-soboj/pokhudenie/dieti/shhadyashhaya-dieta-dlya-pokhudeniya.html HTTP/1.0" 200 19903 "-" "Mozilla/5.0 (compatible; Linux x86_64; Mail.RU_Bot/2.0; +http://go.mail.ru/help/robots)"
217.69.133.235 - - [25/Apr/2017:13:06:11 +0400] "GET /ukhod-za-soboj/ukhod-za-licom/skraby/skrab-iz-fruktovogo-chaya-s-sakharom.html HTTP/1.0" 200 15135 "-" "Mozilla/5.0 (compatible; Linux x86_64; Mail.RU_Bot/2.0; +http://go.mail.ru/help/robots)"
217.69.133.237 - - [25/Apr/2017:13:06:35 +0400] "GET /ukhod-za-soboj/bolezni-kozhi HTTP/1.0" 200 11842 "-" "Mozilla/5.0 (compatible; Linux x86_64; Mail.RU_Bot/2.0; +http://go.mail.ru/help/robots)"
217.69.133.240 - - [25/Apr/2017:13:06:55 +0400] "GET /ukhod-za-soboj/ukhod-za-licom/skraby/domashnee-sredstvo-ot-ugrejj.html HTTP/1.0" 200 16018 "-" "Mozilla/5.0 (compatible; Linux x86_64; Mail.RU_Bot/2.0; +http://go.mail.ru/help/robots)"
217.69.134.13 - - [25/Apr/2017:13:07:16 +0400] "GET /sitemap.xml HTTP/1.0" 200 8060 "-" "Mozilla/5.0 (compatible; Linux x86_64; Mail.RU_Bot/Fast/2.0; +http://go.mail.ru/help/robots)"
217.69.133.234 - - [25/Apr/2017:13:07:18 +0400] "GET /ukhod-za-soboj/ukhod-za-licom/skraby/sakharnyjj-vinogradnyjj-skrab-dlya-tela.html HTTP/1.0" 200 15722 "-" "Mozilla/5.0 (compatible; Linux x86_64; Mail.RU_Bot/2.0; +http://go.mail.ru/help/robots)"
217.69.133.237 - - [25/Apr/2017:13:07:39 +0400] "GET /ukhod-za-soboj/ukhod-za-licom/skraby/domashnijj-skrab-iz-pishhevojj-sody.html HTTP/1.0" 200 17409 "-" "Mozilla/5.0 (compatible; Linux x86_64; Mail.RU_Bot/2.0; +http://go.mail.ru/help/robots)"
217.69.133.235 - - [25/Apr/2017:13:08:01 +0400] "GET /ukhod-za-soboj/pokhudenie/dieti/dieta-grechnevaya-s-kefirom.html HTTP/1.0" 200 19892 "-" "Mozilla/5.0 (compatible; Linux x86_64; Mail.RU_Bot/2.0; +http://go.mail.ru/help/robots)"
40.77.167.19 - - [25/Apr/2017:13:08:19 +0400] "GET /ukhod-za-soboj/ukhod-za-licom/skraby/domashnijj-skrab-dlya-kozhi-golovy.html HTTP/1.0" 200 16332 "-" "Mozilla/5.0 (compatible; bingbot/2.0; +http://www.bing.com/bingbot.htm)"
217.69.133.239 - - [25/Apr/2017:13:08:22 +0400] "GET /question/mozhno-li-udalit-niti-aptos-aptos HTTP/1.0" 200 12607 "-" "Mozilla/5.0 (compatible; Linux x86_64; Mail.RU_Bot/2.0; +http://go.mail.ru/help/robots)"
217.69.133.234 - - [25/Apr/2017:13:09:09 +0400] "GET /ukhod-za-soboj/pokhudenie/dieti/dieta-grechnevaya-s-kefirom.html%D1%87%D0%B8%D1%82%D0%B0%D0%B9 HTTP/1.0" 404 10903 "-" "Mozilla/5.0 (compatible; Linux x86_64; Mail.RU_Bot/2.0; +http://go.mail.ru/help/robots)"
217.69.133.240 - - [25/Apr/2017:13:09:30 +0400] "GET /ukhod-za-soboj/pokhudenie/kak-ubrat-cellyulit-na-pope-2.html HTTP/1.0" 200 21599 "-" "Mozilla/5.0 (compatible; Linux x86_64; Mail.RU_Bot/2.0; +http://go.mail.ru/help/robots)"
217.69.133.238 - - [25/Apr/2017:13:09:51 +0400] "GET /ukhod-za-soboj/bolezni-kozhi/pochemu-poyavlyayutsya-rodinki-na-tele.html HTTP/1.0" 200 20946 "-" "Mozilla/5.0 (compatible; Linux x86_64; Mail.RU_Bot/2.0; +http://go.mail.ru/help/robots)"
217.69.133.70 - - [25/Apr/2017:13:10:11 +0400] "GET /question/kak-podkorrektirovat-obvisshuyu-posl?replytocom=212 HTTP/1.0" 200 12419 "-" "Mozilla/5.0 (compatible; Linux x86_64; Mail.RU_Bot/2.0; +http://go.mail.ru/help/robots)"
217.69.133.239 - - [25/Apr/2017:13:10:29 +0400] "GET /question/ya-zdorovaya-zhenshhina-53-let-bezopasno-li-b HTTP/1.0" 200 13115 "-" "Mozilla/5.0 (compatible; Linux x86_64; Mail.RU_Bot/2.0; +http://go.mail.ru/help/robots)"
217.69.133.236 - - [25/Apr/2017:13:10:45 +0400] "GET /ukhod-za-soboj/molodost/dimeksid-i-solkoseril-ot-morshhin.html?_utl_t=vk HTTP/1.0" 200 19431 "-" "Mozilla/5.0 (compatible; Linux x86_64; Mail.RU_Bot/2.0; +http://go.mail.ru/help/robots)"
